.next/dev/types/validator.ts(96,39): error TS2307: Cannot find module '../../../app/settings/page.js' or its corresponding type declarations.
